
> seniorease-web@0.1.0 build
> next build

Ôû▓ Next.js 16.2.9 (Turbopack)
- Environments: .env.local

  Creating an optimized production build ...
node.exe : 
No C:\nvm4w\nodejs\npm.ps1:16 caractere:5
+     & "$basedir/node$exe"  "$basedir/node_modules/npm/bin/npm-cli.js" ...
+     ~~~~~~~~~~~~~~~~~~~~~~~~~~~~~~~~~~~~~~~~~~~~~~~~~~~~~~~~~~~~~~~~~
    + CategoryInfo          : NotSpecified: (:String) [], RemoteException
    + FullyQualifiedErrorId : NativeCommandError
 
> Build error occurred
Error: Turbopack build failed with 3 errors:
./src/app/(app)/tasks/[id]/page.tsx:363:10
Unexpected token. Did you mean `{'}'}` or `&rbrace;`?
  [90m361 |[0m             </[33mCardContent[0m>
  [90m362 |[0m           </[33mCard[0m>
[31m[1m>[0m [90m363 |[0m         )}
  [90m    |[0m          [31m[1m^[0m
  [90m364 |[0m       </div>
  [90m365 |[0m     </div>
  [90m366 |[0m   );

Parsing ecmascript source code failed


./src/app/(app)/tasks/[id]/page.tsx:365:6
Unterminated regexp literal
  [90m363 |[0m         )}
  [90m364 |[0m       </div>
[31m[1m>[0m [90m365 |[0m     </div>
  [90m    |[0m      [31m[1m^^^^^[0m
  [90m366 |[0m   );
  [90m367 |[0m }
  [90m368 |[0m

Parsing ecmascript source code failed


./src/app/(app)/tasks/page.tsx:424:10
Unterminated regexp literal
  [90m422 |[0m           {[90m/* Arrow */[0m}
  [90m423 |[0m           <[33mChevronRight[0m className=[32m"size-5 
text-muted-foreground group-hover:text-primary ...[0m
[31m[1m>[0m [90m424 |[0m         </[33mLink[0m>
  [90m    |[0m          [31m[1m^^^^^^[0m
  [90m425 |[0m       </[33mCardContent[0m>
  [90m426 |[0m     </[33mCard[0m>
  [90m427 |[0m   );

Parsing ecmascript source code failed


    at <unknown> (./src/app/(app)/tasks/[id]/page.tsx:363:10)
    at <unknown> (./src/app/(app)/tasks/[id]/page.tsx:365:6)
    at <unknown> (./src/app/(app)/tasks/page.tsx:424:10)
